[2026-08-23 20:04:14] [LOGIN_FAILED] Failed login for 'mohammad'.
[2026-08-23 20:04:15] [LOGIN_FAILED] Failed login for 'mohammad'.
[2026-08-23 20:04:58] [REGISTER_SUCCESS] User 'user1' registered.
[2026-08-23 20:05:06] [REGISTER_SUCCESS] User 'user2' registered.
[2026-08-23 20:05:11] [REGISTER_SUCCESS] User 'user3' registered.
[2026-08-23 20:06:23] [LOGIN_SUCCESS] User 'user1' logged in.
[2026-08-23 20:06:40] [MESSAGE_SENT] From 'user1' to 'user3'.
[2026-08-23 20:06:45] [MESSAGE_SENT] From 'user1' to 'user3'.
[2026-08-23 20:16:38] [REGISTER_SUCCESS] User 'mohammad' registered.
[2026-08-23 20:16:53] [REGISTER_SUCCESS] User 'omar' registered.
[2026-08-23 20:17:06] [LOGIN_SUCCESS] User 'mohammad' logged in.
[2026-08-23 20:17:37] [MESSAGE_SENT] From 'mohammad' to 'user1'.
[2026-08-23 20:17:47] [MESSAGE_SENT] From 'mohammad' to 'user1'.
[2026-08-23 20:18:02] [LOGIN_SUCCESS] User 'user1' logged in.
[2026-08-23 20:18:10] [MESSAGE_BURNED] Burned msg from 'mohammad' to 'user1'.
[2026-08-23 20:18:32] [USER_BLOCKED] 'user1' blocked 'mohammad'.
[2026-08-23 20:18:34] [USER_UNBLOCKED] 'user1' unblocked 'mohammad'.
[2026-08-23 20:19:45] [REGISTER_SUCCESS] User 'khalid' registered.
[2026-08-23 20:20:05] [LOGIN_SUCCESS] User 'khalid' logged in.
[2026-08-23 20:20:33] [RECOVERY_SUCCESS] Password reset for 'khalid'.
[2026-08-23 20:21:05] [LOGIN_FAILED] Failed login for 'khalid'.
[2026-08-23 20:21:06] [LOGIN_FAILED] Failed login for 'khalid'.
[2026-08-23 20:21:09] [LOGIN_SUCCESS] User 'khalid' logged in.
[2026-08-23 20:21:56] [LOGIN_FAILED] Failed login for 'usar1'.
[2026-08-23 20:21:57] [LOGIN_FAILED] Failed login for 'usar1'.
[2026-08-23 20:22:07] [LOGIN_SUCCESS] User 'user1' logged in.
[2026-08-23 20:38:10] [LOGIN_SUCCESS] User 'user1' logged in.
[2026-08-23 20:38:58] [MESSAGE_SENT] From 'user1' to 'user2'.
[2026-08-23 20:39:03] [MESSAGE_SENT] From 'user1' to 'user2'.
[2026-08-23 20:39:18] [LOGIN_SUCCESS] User 'user2' logged in.
[2026-08-23 20:39:21] [MESSAGE_BURNED] Burned msg from 'user1' to 'user2'.
[2026-08-23 20:39:37] [USER_BLOCKED] 'user2' blocked 'mohammad'.
[2026-08-23 20:39:40] [USER_BLOCKED] 'user2' blocked 'omar'.
[2026-08-23 20:39:49] [USER_UNBLOCKED] 'user2' unblocked 'mohammad'.
[2026-08-23 20:39:51] [USER_UNBLOCKED] 'user2' unblocked 'omar'.
